ninja : ninja: error: loading 'build.ninja': The system cannot find the file sp
ecified.
At line:1 char:50
+ ... em .ninja_log,.ninja_deps -Force -ea 0; ninja 2>&1 > build_output.txt
+                                             ~~~~~~~~~~~~~~~~~~~~~~~~~~~~~
    + CategoryInfo          : NotSpecified: (ninja: error: l...file specified. 
   :String) [], RemoteException
    + FullyQualifiedErrorId : NativeCommandError
 


